<?xml version="1.0" encoding="UTF-8"?>
<testsuites name="jest tests" tests="5" failures="0" errors="0" time="2.031">
  <testsuite name="Dashboard Component" errors="0" failures="0" skipped="0" timestamp="2025-05-23T10:15:23" time="0.731" tests="2">
    <testcase classname="Dashboard Component renders Header and Table when not adding or editing" name="Dashboard Component renders Header and Table when not adding or editing" time="0.016">
    </testcase>
    <testcase classname="Dashboard Component displays employee data from localStorage if available" name="Dashboard Component displays employee data from localStorage if available" time="0.004">
    </testcase>
  </testsuite>
  <testsuite name="undefined" errors="0" failures="0" skipped="0" timestamp="2025-05-23T10:15:23" time="0.74" tests="1">
    <testcase classname=" renders without crashing" name=" renders without crashing" time="0.015">
    </testcase>
  </testsuite>
  <testsuite name="undefined" errors="0" failures="0" skipped="0" timestamp="2025-05-23T10:15:23" time="0.786" tests="2">
    <testcase classname=" renders Add Employee form" name=" renders Add Employee form" time="0.02">
    </testcase>
    <testcase classname=" shows error if fields are empty and form is submitted" name=" shows error if fields are empty and form is submitted" time="0.064">
    </testcase>
  </testsuite>
</testsuites>